// Jest Snapshot v1, https://goo.gl/fbAQLP

exports[`<StaticModuleEdit /> matches snapshot when "Default Static Module edit props" 1`] = `"<div class="static-module-test-container" data-module-name="example/static-module"><div class="example_static_module__inner"><div class="example_static_module__image"><span class="example_static_module__badge" data-et-element="badge">Static badge</span><span class="example_static_module__image" data-et-element="image">Static image</span></div><div class="example_static_module__content-container"><span class="example_static_module__title" data-et-element="title">Static title</span><span class="example_static_module__summary" data-et-element="summary">Static summary</span><div class="example_static_module__content"><span class="example_static_module__content" data-et-element="content">Static content</span></div></div></div></div>"`;
