// Jest Snapshot v1, https://goo.gl/fbAQLP

exports[`<ChildModuleEdit /> Should match the snapshot when "Default attributes that gets added when Child module is added." 1`] = `"<li class=\\"child-module_child-module-1 child-module et_pb_module\\" data-id=\\"child-module-1\\"><div class=\\"et_pb_child_module_icon et-pb-icon\\">N</div><div class=\\"et_pb_child_module_content_container\\"><div class=\\"et_pb_child_module_title\\">Your Title Goes Here</div><div class=\\"et_pb_child_module_content\\"><p>Your content goes here. Edit or remove this text inline or in the module Content settings. You can also style every aspect of this content in the module Design settings and even apply custom CSS to this text in the module Advanced settings.</p></div></div></li>"`;

exports[`<ChildModuleEdit /> Should match the snapshot when "Display content style properly when the content style is set." 1`] = `"<li class=\\"child-module_child-module-5 child-module et_pb_module\\" data-id=\\"child-module-5\\"><div class=\\"et_pb_child_module_icon et-pb-icon\\">N</div><div class=\\"et_pb_child_module_content_container\\"><div class=\\"et_pb_child_module_title\\">Your Title Goes Here</div><div class=\\"et_pb_child_module_content\\"><p>Your content goes here. Edit or remove this text inline or in the module Content settings. You can also style every aspect of this content in the module Design settings and even apply custom CSS to this text in the module Advanced settings.</p></div></div><style class=\\"et-vb-module-styles\\">.child-module_child-module-5 .et_pb_child_module_content {font-variant: small-caps; text-decoration-line: underline; text-decoration-style: solid; color: #ae16f0; font-size: 16px;}</style></li>"`;

exports[`<ChildModuleEdit /> Should match the snapshot when "Display icon style properly when the icon style is set." 1`] = `"<li class=\\"child-module_child-module-3 child-module et_pb_module\\" data-id=\\"child-module-3\\"><div class=\\"et_pb_child_module_icon et-pb-icon\\">9</div><div class=\\"et_pb_child_module_content_container\\"><div class=\\"et_pb_child_module_title\\">Your Title Goes Here</div><div class=\\"et_pb_child_module_content\\"><p>Your content goes here. Edit or remove this text inline or in the module Content settings. You can also style every aspect of this content in the module Design settings and even apply custom CSS to this text in the module Advanced settings.</p></div></div><style class=\\"et-vb-module-styles\\">.child-module_child-module-3 .et_pb_child_module_icon.et-pb-icon {color: #ae16f0;}.child-module_child-module-3 .et_pb_child_module_icon.et-pb-icon {font-size: 28px;}</style></li>"`;

exports[`<ChildModuleEdit /> Should match the snapshot when "Display selected icon properly when the icon value is set." 1`] = `"<li class=\\"child-module_child-module-2 child-module et_pb_module\\" data-id=\\"child-module-2\\"><div class=\\"et_pb_child_module_icon et-pb-icon\\">9</div><div class=\\"et_pb_child_module_content_container\\"><div class=\\"et_pb_child_module_title\\">Your Title Goes Here</div><div class=\\"et_pb_child_module_content\\"><p>Your content goes here. Edit or remove this text inline or in the module Content settings. You can also style every aspect of this content in the module Design settings and even apply custom CSS to this text in the module Advanced settings.</p></div></div></li>"`;

exports[`<ChildModuleEdit /> Should match the snapshot when "Display title style properly when the title style is set." 1`] = `"<li class=\\"child-module_child-module-4 child-module et_pb_module\\" data-id=\\"child-module-4\\"><div class=\\"et_pb_child_module_icon et-pb-icon\\">N</div><div class=\\"et_pb_child_module_content_container\\"><div class=\\"et_pb_child_module_title\\">Your Title Goes Here</div><div class=\\"et_pb_child_module_content\\"><p>Your content goes here. Edit or remove this text inline or in the module Content settings. You can also style every aspect of this content in the module Design settings and even apply custom CSS to this text in the module Advanced settings.</p></div></div><style class=\\"et-vb-module-styles\\">.child-module_child-module-4 .et_pb_child_module_title {font-weight: 300; font-style: italic; text-transform: uppercase; color: #ae16f0; font-size: 31px;}</style></li>"`;
