// Jest Snapshot v1, https://goo.gl/fbAQLP

exports[`<DynamicModuleEdit /> Should match the snapshot when "Default attributes that gets added when Dynamic module is added." 1`] = `"<div class=\\"dynamic-module_dynamicModule1 dynamic-module et_pb_module\\" data-id=\\"dynamicModule1\\"><h2 class=\\"dynamic-module__title\\">Your Title Goes Here</h2><div class=\\"dynamic-module__post-items\\"></div><div>No post found.</div></div>"`;

exports[`<DynamicModuleEdit /> Should match the snapshot when "Display only 2 posts when the numberOfPosts attribute is set to 2." 1`] = `"<div class=\\"dynamic-module_dynamicModule2 dynamic-module et_pb_module\\" data-id=\\"dynamicModule2\\"><h2 class=\\"dynamic-module__title\\">Your Title Goes Here</h2><div class=\\"dynamic-module__post-items\\"></div><div>No post found.</div></div>"`;

exports[`<DynamicModuleEdit /> Should match the snapshot when "Display title style properly when the post title style is set." 1`] = `"<div class=\\"dynamic-module_dynamicModule3 dynamic-module et_pb_module\\" data-id=\\"dynamicModule3\\"><h2 class=\\"dynamic-module__title\\">Your Title Goes Here</h2><div class=\\"dynamic-module__post-items\\"></div><div>No post found.</div><style class=\\"et-vb-module-styles\\">.dynamic-module_dynamicModule3 .et_pb_dynamic_module_post_item_title {font-variant: small-caps; color: #8300e9; font-size: 25px;}</style></div>"`;

exports[`<DynamicModuleEdit /> Should match the snapshot when "Display title style properly when the title style is set." 1`] = `"<div class=\\"dynamic-module_dynamicModule3 dynamic-module et_pb_module\\" data-id=\\"dynamicModule3\\"><h1 class=\\"dynamic-module__title\\">Your Title Goes Here</h1><div class=\\"dynamic-module__post-items\\"></div><div>No post found.</div><style class=\\"et-vb-module-styles\\">.dynamic-module_dynamicModule3 .et_pb_dynamic_module_title {font-weight: 900; text-transform: uppercase; font-size: 35px;}</style></div>"`;
