// Jest Snapshot v1, https://goo.gl/fbAQLP

exports[`<DynamicModuleEdit /> Should match the snapshot when "Default attributes that gets added when Dynamic module is added." 1`] = `"<div class=\\"example_dynamic_module_dynamic-module-1 example_dynamic_module et_pb_module et-animated--vb\\" data-id=\\"dynamic-module-1\\"><div class=\\"dynamic-module__inner\\"><h2 class=\\"dynamic-module__title\\" data-et-vb-editable-element=\\"false\\">Your Title Goes Here</h2><div class=\\"dynamic-module__post-items\\"></div></div><div>No post found.</div></div>"`;

exports[`<DynamicModuleEdit /> Should match the snapshot when "Display only 2 posts when the numberOfPosts attribute is set to 2." 1`] = `"<div class=\\"example_dynamic_module_dynamic-module-2 example_dynamic_module et_pb_module et-animated--vb\\" data-id=\\"dynamic-module-2\\"><div class=\\"dynamic-module__inner\\"><h2 class=\\"dynamic-module__title\\" data-et-vb-editable-element=\\"false\\">Your Title Goes Here</h2><div class=\\"dynamic-module__post-items\\"></div></div><div>No post found.</div></div>"`;

exports[`<DynamicModuleEdit /> Should match the snapshot when "Display title style properly when the post title style is set." 1`] = `"<div class=\\"example_dynamic_module_dynamic-module-4 example_dynamic_module et_pb_module et-animated--vb\\" data-id=\\"dynamic-module-4\\"><div class=\\"dynamic-module__inner\\"><h2 class=\\"dynamic-module__title\\" data-et-vb-editable-element=\\"false\\">Your Title Goes Here</h2><div class=\\"dynamic-module__post-items\\"></div></div><div>No post found.</div><style class=\\"et-vb-module-styles\\">.example_dynamic_module_dynamic-module-4 .dynamic-module__post-item-title {font-variant: small-caps; color: #8300e9; font-size: 25px;}</style></div>"`;

exports[`<DynamicModuleEdit /> Should match the snapshot when "Display title style properly when the title style is set." 1`] = `"<div class=\\"example_dynamic_module_dynamic-module-3 example_dynamic_module et_pb_module et-animated--vb\\" data-id=\\"dynamic-module-3\\"><div class=\\"dynamic-module__inner\\"><h1 class=\\"dynamic-module__title\\" data-et-vb-editable-element=\\"false\\">Your Title Goes Here</h1><div class=\\"dynamic-module__post-items\\"></div></div><div>No post found.</div><style class=\\"et-vb-module-styles\\">.example_dynamic_module_dynamic-module-3 .dynamic-module__title {font-weight: 900; text-transform: uppercase; font-size: 35px;}</style></div>"`;
